"Task Aware Debugger for GDB" version 24.12.0 (202407110909)
Copyright 2016-2023 NXP
==================================
22:44:25.483 INFO: [ZephyrRTOS] .config file could not be read [E:\GIT\LPC55S69_DMA_ADC_Configtool\lpcxpresso55s36_lpadc_dma\Debug\.config (The system cannot find the file specified)]
22:44:25.483 INFO: [TadModel] DSF session ID 1 has started.
22:44:30.860 INFO: [TadState] TAD state changed: DEBUG_STARTED -> DEBUG_INIT_0 (RESUMED, USER_REQUEST)
22:44:30.887 INFO: [TadState] TAD state changed: DEBUG_INIT_0 -> DEBUG_INIT_1 (SUSPENDED, SIGNAL)
22:44:31.915 INFO: [TadState] TAD state changed: DEBUG_INIT_1 -> DEBUG_SUSPENDED (RESUMED, USER_REQUEST)
22:44:31.971 INFO: [TadState] TAD state changed: DEBUG_SUSPENDED -> DEBUG_SUSPENDED (SUSPENDED, BREAKPOINT)
22:44:36.279 INFO: [TadState] TAD state changed: DEBUG_SUSPENDED -> DEBUG_RESUMED (RESUMED, USER_REQUEST)
22:44:36.343 INFO: [TadState] TAD state changed: DEBUG_RESUMED -> READY (SUSPENDED, BREAKPOINT)
22:45:56.862 INFO: [TadState] TAD state changed: READY -> DEBUG_RESUMED (RESUMED, USER_REQUEST)
22:45:56.970 INFO: [TadState] TAD state changed: DEBUG_RESUMED -> READY (SUSPENDED, BREAKPOINT)
22:45:57.555 INFO: [TadState] TAD state changed: READY -> DEBUG_RESUMED (RESUMED, USER_REQUEST)
22:45:57.620 INFO: [TadState] TAD state changed: DEBUG_RESUMED -> READY (SUSPENDED, BREAKPOINT)
22:52:04.910 INFO: [TadState] TAD state changed: READY -> DEBUG_RESUMED (RESUMED, STEP)
22:52:05.87 INFO: [TadState] TAD state changed: DEBUG_RESUMED -> READY (SUSPENDED, STEP)
22:52:06.759 INFO: [TadState] TAD state changed: READY -> DEBUG_RESUMED (RESUMED, STEP)
22:52:06.851 INFO: [TadState] TAD state changed: DEBUG_RESUMED -> READY (SUSPENDED, STEP)
22:52:09.945 INFO: [TadState] TAD state changed: READY -> DEBUG_RESUMED (RESUMED, STEP)
22:52:10.30 INFO: [TadState] TAD state changed: DEBUG_RESUMED -> READY (SUSPENDED, STEP)
22:52:10.862 INFO: [TadState] TAD state changed: READY -> DEBUG_RESUMED (RESUMED, STEP)
22:52:10.954 INFO: [TadState] TAD state changed: DEBUG_RESUMED -> READY (SUSPENDED, STEP)
22:52:11.642 INFO: [TadState] TAD state changed: READY -> DEBUG_RESUMED (RESUMED, STEP)
22:52:11.732 INFO: [TadState] TAD state changed: DEBUG_RESUMED -> READY (SUSPENDED, STEP)
22:52:12.652 INFO: [TadState] TAD state changed: READY -> DEBUG_RESUMED (RESUMED, STEP)
22:52:12.741 INFO: [TadState] TAD state changed: DEBUG_RESUMED -> READY (SUSPENDED, STEP)
22:54:47.555 INFO: [TadState] TAD state changed: READY -> DEBUG_RESUMED (RESUMED, STEP)
22:54:47.727 INFO: [TadState] TAD state changed: DEBUG_RESUMED -> READY (SUSPENDED, STEP)
22:55:56.304 INFO: [TadState] TAD state changed: READY -> DEBUG_RESUMED (RESUMED, STEP)
22:55:56.421 INFO: [TadState] TAD state changed: DEBUG_RESUMED -> READY (SUSPENDED, BREAKPOINT)
22:56:02.463 INFO: [TadState] TAD state changed: READY -> DEBUG_RESUMED (RESUMED, STEP)
22:56:02.625 INFO: [TadState] TAD state changed: DEBUG_RESUMED -> READY (SUSPENDED, STEP)
22:56:06.518 INFO: [TadState] TAD state changed: READY -> DEBUG_RESUMED (RESUMED, STEP)
22:56:06.686 INFO: [TadState] TAD state changed: DEBUG_RESUMED -> READY (SUSPENDED, STEP)
23:04:01.391 INFO: [TadModel] DSF session ID 1 has ended.
